---
source: code-blocks/tests/tsx/main.rs
expression: snapshot
---
input:

    export default function App() {
        return (
            <>
              <div>
                <button> {/* src */}
                  Choose file
                </button>!!! stuff in here is also part of the syntax tree !!!
              </div>
              <button> {/* dst */}
                Write file
              </button>!!! stuff in here is also part of the syntax tree !!!
            </>
          );
    }

---
output:

    export default function App() {
        return (
            <>
              <div>
                !!! stuff in here is also part of the syntax tree !!!
              </div>
              <button> {/* dst */}
              ^ Dest
                Write file
              </button><button> {/* src */}
                       ^ Source
                  Choose file
                </button>!!! stuff in here is also part of the syntax tree !!!
            </>
          );
    }
