---
source: code-blocks/tests/rust/main.rs
expression: snapshot
---

mod m {
 /* ^src */

    fn bar() {}

    fn foo() {}}
 /* ^dst */

fn baz() {}


New src start: 59
New dst start: 26
