---
source: code-blocks/tests/rust/main.rs
expression: snapshot
---
input:

    fn foo() {}
 /* ^dst */

    fn bar() {}

    fn baz() {}
 /* ^src */

---
output:

    fn foo() {}
    ^ Dest
 fn baz() {}
 ^ Source
 /* ^dst */

    fn bar() {}
 /* ^src */
