---
source: code-blocks/tests/rust/main.rs
expression: snapshot
---
input:

    mod m {
        fn foo() {}
     /* ^src */
    }

    fn baz() {}
/*  ^fail */

---
output:
Illegal move operation

Caused by:
    Blocks have different parents
