---
source: code-blocks/tests/rust/main.rs
expression: snapshot
---
input:

    #[test]
    fn foo() {} // src

    fn bar() {} // dst

---
output:

    // src
    ^ Dest

    fn bar() {}

    #[test]
    ^ Source
    fn foo() {} // dst
