---
source: code-blocks/tests/rust/main.rs
expression: snapshot
---

    fn foo() {}

    fn baz() {}
 /* ^dst */

    fn bar() {}
 /* ^src */


New src start: 16
