---
source: code-blocks/tests/rust/main.rs
expression: snapshot
---

mod m {
    fn bar() {}

    fn foo() {
 /* ^src */
        fn in_foo() {
            bar();
        }
    }
 /* ^dst */
}

fn baz() {}


New src start: 109
