---
source: code-blocks/tests/rust/main.rs
expression: snapshot
---
input:

mod m {
    fn foo() {} // src

    fn bar() {}} // dst

fn baz() {}

---
output:

mod m { // src
        ^ Dest

    fn bar() {}

    fn foo() {}} // dst
    ^ Source

fn baz() {}
