---
source: code-blocks-server/tests/test_api.rs
expression: snapshot
---

mod m {
 /* ^src */

    fn bar() {}

    fn foo() {}}
 /* ^dst */

fn baz() {}


New src start:53
