---
source: code-blocks-server/tests/test_api.rs
expression: "code_blocks_server::move_block(MoveBlockArgs {\n            queries: get_query_strings(SupportedLanguage::Rust),\n            text: r#\"\n    fn foo() {}\n /* ^dst */\n\n    fn bar() {}\n\n    fn baz() {}\n /* ^src */\n\"#.to_string(),\n            language: SupportedLanguage::Rust,\n            src_block: src_block.into(),\n            dst_block: dst_block.into(),\n        }).unwrap()"
---

    fn foo() {}

    fn baz() {}
 /* ^dst */

    fn bar() {}
 /* ^src */

