---
source: code-blocks-server/tests/test_api.rs
expression: "code_blocks_server::move_block(MoveBlockArgs {\n                queries: get_query_strings(&lang),\n                text: r#\"\n    class TsClass {\n        constructor() {}\n\n        /**\n        * bar docs\n        */\n        foo() {}\n    /*  ^src */\n\n        bar() {}\n\n        baz() {}\n    }\n\n    function baz() {}\n/*  ^fail */\n    \"#.to_string(),\n                language: lang.get_language(),\n                src_block: src_block.into(),\n                dst_block: fail_block.into(),\n                assert_move_legal_fn: Some(check_fn),\n                force: false,\n            }).err().unwrap()"
---
Error {
    context: "Illegal move operation",
    source: "Blocks have different parents",
}
