---
source: code-blocks-server/tests/test_api.rs
expression: snapshot
---
input:

    mod m1 {
/*  ^src */
        fn foo() {}
    }

    mod m2 {
        fn bar() {}
    }

    mod m3 {
/*  ^dst */
        fn baz() {}
    }

---
output:

    mod m2 {
        fn bar() {}
    }

    mod m3 {
    ^ Dest
/*  ^dst */
        fn baz() {}
    }

    mod m1 {
    ^ Source
/*  ^src */
        fn foo() {}
    }
