---
source: code-blocks-server/tests/test_api.rs
expression: "code_blocks_server::move_block(MoveBlockArgs {\n            queries: get_query_strings(SupportedLanguage::TypeScript),\n            text: r#\"\nclass TsClass {\n    constructor() {}\n\n    foo() {}\n/*  ^src */\n\n    /**\n    * bar docs\n    */\n    bar() {}\n/*  ^dst */\n}\n\nfunction baz() {}\n    \"#.to_string(),\n            language: SupportedLanguage::TypeScript,\n            src_block: src_block.into(),\n            dst_block: dst_block.into(),\n        }).unwrap()"
---

class TsClass {
    constructor() {}
/*  ^src */

    /**
    * bar docs
    */
    bar() {}

    foo() {}
/*  ^dst */
}

function baz() {}
    
