---
source: code-blocks-server/tests/test_api.rs
expression: snapshot
---

mod m {
    fn bar() {}

    fn foo() {
 /* ^src */
        fn in_foo() {
            bar();
        }
    }
 /* ^dst */
}

fn baz() {}


New src start: 115
New dst start: 13
