---
source: code-blocks-server/tests/test_api.rs
expression: snapshot
---
input:

    export default function App() {
      return (
          <div>
      {/* ^fail */}
            <button className="card" onClick={readFile}>
        {/* ^src */}
              Choose file
            </button>
            <button className="card" onClick={() => writeFile(filePath, content)}>
              Write file
            </button>
          </div>
      );
    }
    
---
output:
Illegal move operation

Caused by:
    Blocks have different parents
