---
source: code-blocks-server/tests/test_api.rs
expression: snapshot
---
Illegal move operation

Caused by:
    Blocks have different parents
